// Jest Snapshot v1, https://goo.gl/fbAQLP

exports[`Frame matches snapshot 1`] = `
<div>
  <div
    class="display-frame-wrapper"
    data-testid="frame"
  >
    <object
      class="display-frame"
      data="https://www.w3.org/WAI/ER/tests/xhtml/testfiles/resources/pdf/dummy.pdf"
      data-testid="wrapper-object"
      type="application/pdf"
    >
      <embed
        data-testid="pdf-embed"
        src="https://www.w3.org/WAI/ER/tests/xhtml/testfiles/resources/pdf/dummy.pdf"
        type="application/pdf"
      />
    </object>
  </div>
</div>
`;
