// Jest Snapshot v1, https://goo.gl/fbAQLP

exports[`Form matches snapshot 1`] = `
<div>
  <div
    class="column column-33"
  >
    <label
      for="title"
    >
      Title
    </label>
    <input
      data-testid="title"
      id="title"
      name="title"
      placeholder="Symphony No. 5"
      type="text"
      value=""
    />
    <label
      for="part"
    >
      Part Name
    </label>
    <input
      data-testid="part-name"
      id="part-name"
      name="part-name"
      placeholder="Violin I"
      type="text"
      value=""
    />
    <label
      for="part-additional"
    >
      Additional Part Information
    </label>
    <input
      data-testid="part-additional"
      id="part-additional"
      name="part-additional"
      placeholder="in Bb"
      type="text"
      value=""
    />
    <label
      for="add-composer"
    >
      Composers
    </label>
    <div
      class="row"
      style="padding: 0px 1rem;"
    >
      <input
        data-testid="composer-next-input"
        id="add-composer"
        name="add-composer"
        placeholder="Ludwig van Beethoven"
        type="text"
        value=""
      />
      <button
        class="button button-clear"
        data-testid="composer-add-button"
      >
        <svg
          aria-hidden="true"
          class="svg-inline--fa fa-plus fa-w-14 "
          data-icon="plus"
          data-prefix="fas"
          focusable="false"
          role="img"
          viewBox="0 0 448 512"
          xmlns="http://www.w3.org/2000/svg"
        >
          <path
            d="M416 208H272V64c0-17.67-14.33-32-32-32h-32c-17.67 0-32 14.33-32 32v144H32c-17.67 0-32 14.33-32 32v32c0 17.67 14.33 32 32 32h144v144c0 17.67 14.33 32 32 32h32c17.67 0 32-14.33 32-32V304h144c17.67 0 32-14.33 32-32v-32c0-17.67-14.33-32-32-32z"
            fill="currentColor"
          />
        </svg>
      </button>
    </div>
    <ul
      data-testid="composer-list"
      id="composers"
    />
    <label
      for="add-extra-line"
    >
      Extra Information Lines
    </label>
    <div
      class="row"
      style="padding: 0px 1rem;"
    >
      <input
        data-testid="extra-line-next-input"
        id="add-extra-line"
        name="add-extra-line"
        placeholder="in C minor"
        type="text"
        value=""
      />
      <button
        class="button button-clear"
        data-testid="extra-line-add-button"
      >
        <svg
          aria-hidden="true"
          class="svg-inline--fa fa-plus fa-w-14 "
          data-icon="plus"
          data-prefix="fas"
          focusable="false"
          role="img"
          viewBox="0 0 448 512"
          xmlns="http://www.w3.org/2000/svg"
        >
          <path
            d="M416 208H272V64c0-17.67-14.33-32-32-32h-32c-17.67 0-32 14.33-32 32v144H32c-17.67 0-32 14.33-32 32v32c0 17.67 14.33 32 32 32h144v144c0 17.67 14.33 32 32 32h32c17.67 0 32-14.33 32-32V304h144c17.67 0 32-14.33 32-32v-32c0-17.67-14.33-32-32-32z"
            fill="currentColor"
          />
        </svg>
      </button>
    </div>
    <ul
      data-testid="extra-line-list"
      id="extra-lines"
    />
    <button
      class="button"
      data-testid="submit-button"
    >
      Submit
    </button>
    <button
      class="button-outline"
      style="margin-left: 1rem;"
    >
      Clear
    </button>
    <div
      style="padding-top: 2rem;"
    />
    
  </div>
</div>
`;
